
  [30;43;1m WARN [39;49;22m Test results may not be as expected because the XML configuration file did not pass validation:

  Line 10:
  - Element 'phpunit', attribute 'verbose': The attribute 'verbose' is not allowed.

  Line 20:
  - Element 'include': This element is not expected.


   FAIL  Tests\Feature\ClienteFlujosTest
  Ô¿» flujo 1 solo cliente                                      0.34s  
  Ô¿» flujo 2 cliente con membresia                             0.02s  
  Ô¿» flujo 3 cliente completo                                  0.02s  
  Ô¿» flujo 3 cliente con pago completo                         0.02s  
  Ô¿» flujo 2 cliente con convenio                              0.02s  
  Ô¿» validacion email requerido                                0.02s  
  Ô¿» validacion email unico                                    0.02s  
  Ô¿» validacion rut invalido                                   0.02s  
  Ô¿» validacion membresia requerida en flujo 2                 0.02s  
  Ô¿» validacion pago requerido en flujo 3                      0.02s  
  ÔöÇÔöÇÔöÇÔöÇÔöÇÔöÇÔöÇÔöÇÔöÇÔöÇÔöÇÔöÇÔöÇÔöÇÔöÇÔöÇÔöÇÔöÇÔöÇÔöÇÔöÇÔöÇÔöÇÔöÇÔöÇÔöÇÔöÇÔöÇÔöÇÔöÇÔöÇÔöÇÔöÇÔöÇÔöÇÔöÇÔöÇÔöÇÔöÇÔöÇÔöÇÔöÇÔöÇÔöÇÔöÇÔöÇÔöÇÔöÇÔöÇÔöÇÔöÇÔöÇÔöÇÔöÇÔöÇÔöÇÔöÇÔöÇÔöÇÔöÇÔöÇÔöÇÔöÇÔöÇÔöÇ  
   FAILED  Tests\Feature\ClienteFlujosTest > flujo 1 solo cliente    
  Failed asserting that a row in the table [clientes] matches the attributes {
    "nombres": "Juan",
    "apellido_paterno": "Garc├¡a",
    "email": "juan@example.com",
    "activo": true
}.

The table is empty.

  at tests\Feature\ClienteFlujosTest.php:73
     69Ôûò 
     70Ôûò         $response = $this->post(route('admin.clientes.store'), $datosCliente);
     71Ôûò 
     72Ôûò         // Ô£à Verificar que se cre├│ el cliente
  Ô×£  73Ôûò         $this->assertDatabaseHas('clientes', [
     74Ôûò             'nombres' => 'Juan',
     75Ôûò             'apellido_paterno' => 'Garc├¡a',
     76Ôûò             'email' => 'juan@example.com',
     77Ôûò             'activo' => true,

  ÔöÇÔöÇÔöÇÔöÇÔöÇÔöÇÔöÇÔöÇÔöÇÔöÇÔöÇÔöÇÔöÇÔöÇÔöÇÔöÇÔöÇÔöÇÔöÇÔöÇÔöÇÔöÇÔöÇÔöÇÔöÇÔöÇÔöÇÔöÇÔöÇÔöÇÔöÇÔöÇÔöÇÔöÇÔöÇÔöÇÔöÇÔöÇÔöÇÔöÇÔöÇÔöÇÔöÇÔöÇÔöÇÔöÇÔöÇÔöÇÔöÇÔöÇÔöÇÔöÇÔöÇÔöÇÔöÇÔöÇÔöÇÔöÇÔöÇÔöÇÔöÇÔöÇÔöÇÔöÇÔöÇ  
   FAILED  Tests\Feature\ClienteFlujosTest > flujo 2 cliente conÔÇª    
  Failed asserting that null is not null.

  at tests\Feature\ClienteFlujosTest.php:128
    124Ôûò         $response = $this->post(route('admin.clientes.store'), $datosCliente);
    125Ôûò 
    126Ôûò         // Ô£à Verificar que se cre├│ el cliente
    127Ôûò         $cliente = Cliente::where('email', 'juan@example.com')->first();
  Ô×£ 128Ôûò         $this->assertNotNull($cliente);
    129Ôûò         
    130Ôûò         // Ô£à Verificar que se cre├│ la inscripci├│n
    131Ôûò         $this->assertEquals(1, $cliente->inscripciones->count());
    132Ôûò

  1   tests\Feature\ClienteFlujosTest.php:128

  ÔöÇÔöÇÔöÇÔöÇÔöÇÔöÇÔöÇÔöÇÔöÇÔöÇÔöÇÔöÇÔöÇÔöÇÔöÇÔöÇÔöÇÔöÇÔöÇÔöÇÔöÇÔöÇÔöÇÔöÇÔöÇÔöÇÔöÇÔöÇÔöÇÔöÇÔöÇÔöÇÔöÇÔöÇÔöÇÔöÇÔöÇÔöÇÔöÇÔöÇÔöÇÔöÇÔöÇÔöÇÔöÇÔöÇÔöÇÔöÇÔöÇÔöÇÔöÇÔöÇÔöÇÔöÇÔöÇÔöÇÔöÇÔöÇÔöÇÔöÇÔöÇÔöÇÔöÇÔöÇÔöÇ  
   FAILED  Tests\Feature\ClienteFlujosTest > flujo 3 cliente compÔÇª   
  Failed asserting that null is not null.

  at tests\Feature\ClienteFlujosTest.php:188
    184Ôûò         $response = $this->post(route('admin.clientes.store'), $datosCliente);
    185Ôûò 
    186Ôûò         // Ô£à Verificar que se cre├│ el cliente
    187Ôûò         $cliente = Cliente::where('email', 'juan@example.com')->first();
  Ô×£ 188Ôûò         $this->assertNotNull($cliente);
    189Ôûò         
    190Ôûò         // Ô£à Verificar que se cre├│ la inscripci├│n
    191Ôûò         $this->assertEquals(1, $cliente->inscripciones->count());
    192Ôûò

  1   tests\Feature\ClienteFlujosTest.php:188

  ÔöÇÔöÇÔöÇÔöÇÔöÇÔöÇÔöÇÔöÇÔöÇÔöÇÔöÇÔöÇÔöÇÔöÇÔöÇÔöÇÔöÇÔöÇÔöÇÔöÇÔöÇÔöÇÔöÇÔöÇÔöÇÔöÇÔöÇÔöÇÔöÇÔöÇÔöÇÔöÇÔöÇÔöÇÔöÇÔöÇÔöÇÔöÇÔöÇÔöÇÔöÇÔöÇÔöÇÔöÇÔöÇÔöÇÔöÇÔöÇÔöÇÔöÇÔöÇÔöÇÔöÇÔöÇÔöÇÔöÇÔöÇÔöÇÔöÇÔöÇÔöÇÔöÇÔöÇÔöÇÔöÇ  
   FAILED  Tests\Feature\ClienteFlujosTest > flujo 3 cliente conÔÇª    
  Failed asserting that null is not null.

  at tests\Feature\ClienteFlujosTest.php:256
    252Ôûò         $response = $this->post(route('admin.clientes.store'), $datosCliente);
    253Ôûò 
    254Ôûò         // Ô£à Verificar cliente
    255Ôûò         $cliente = Cliente::where('email', 'carlos@example.com')->first();
  Ô×£ 256Ôûò         $this->assertNotNull($cliente);
    257Ôûò         
    258Ôûò         // Ô£à Verificar inscripci├│n
    259Ôûò         $inscripcion = $cliente->inscripciones->first();
    260Ôûò         $this->assertEquals(1, $inscripcion->pagos->count());

  1   tests\Feature\ClienteFlujosTest.php:256

  ÔöÇÔöÇÔöÇÔöÇÔöÇÔöÇÔöÇÔöÇÔöÇÔöÇÔöÇÔöÇÔöÇÔöÇÔöÇÔöÇÔöÇÔöÇÔöÇÔöÇÔöÇÔöÇÔöÇÔöÇÔöÇÔöÇÔöÇÔöÇÔöÇÔöÇÔöÇÔöÇÔöÇÔöÇÔöÇÔöÇÔöÇÔöÇÔöÇÔöÇÔöÇÔöÇÔöÇÔöÇÔöÇÔöÇÔöÇÔöÇÔöÇÔöÇÔöÇÔöÇÔöÇÔöÇÔöÇÔöÇÔöÇÔöÇÔöÇÔöÇÔöÇÔöÇÔöÇÔöÇÔöÇ  
   FAILED  Tests\Feature\ClienteFlujosTest > flujo 2 cliente conÔÇª    
  Failed asserting that null is not null.

  at tests\Feature\ClienteFlujosTest.php:307
    303Ôûò         $response = $this->post(route('admin.clientes.store'), $datosCliente);
    304Ôûò 
    305Ôûò         // Ô£à Verificar cliente
    306Ôûò         $cliente = Cliente::where('email', 'maria@example.com')->first();
  Ô×£ 307Ôûò         $this->assertNotNull($cliente);
    308Ôûò         
    309Ôûò         // Ô£à Verificar que se aplic├│ el convenio
    310Ôûò         $inscripcion = $cliente->inscripciones->first();
    311Ôûò         $this->assertEquals($this->convenio->id, $inscripcion->id_convenio);

  1   tests\Feature\ClienteFlujosTest.php:307

  ÔöÇÔöÇÔöÇÔöÇÔöÇÔöÇÔöÇÔöÇÔöÇÔöÇÔöÇÔöÇÔöÇÔöÇÔöÇÔöÇÔöÇÔöÇÔöÇÔöÇÔöÇÔöÇÔöÇÔöÇÔöÇÔöÇÔöÇÔöÇÔöÇÔöÇÔöÇÔöÇÔöÇÔöÇÔöÇÔöÇÔöÇÔöÇÔöÇÔöÇÔöÇÔöÇÔöÇÔöÇÔöÇÔöÇÔöÇÔöÇÔöÇÔöÇÔöÇÔöÇÔöÇÔöÇÔöÇÔöÇÔöÇÔöÇÔöÇÔöÇÔöÇÔöÇÔöÇÔöÇÔöÇ  
   FAILED  Tests\Feature\ClienteFlujosTest > validacion email reqÔÇª   
  Session is missing expected key [errors].
Failed asserting that false is true.

  at tests\Feature\ClienteFlujosTest.php:334
    330Ôûò 
    331Ôûò         $response = $this->post(route('admin.clientes.store'), $datosCliente);
    332Ôûò 
    333Ôûò         // Ô£à Deber├¡a fallar la validaci├│n
  Ô×£ 334Ôûò         $response->assertSessionHasErrors('email');
    335Ôûò         $this->assertDatabaseMissing('clientes', [
    336Ôûò             'nombres' => 'Juan',
    337Ôûò         ]);
    338Ôûò     }

  ÔöÇÔöÇÔöÇÔöÇÔöÇÔöÇÔöÇÔöÇÔöÇÔöÇÔöÇÔöÇÔöÇÔöÇÔöÇÔöÇÔöÇÔöÇÔöÇÔöÇÔöÇÔöÇÔöÇÔöÇÔöÇÔöÇÔöÇÔöÇÔöÇÔöÇÔöÇÔöÇÔöÇÔöÇÔöÇÔöÇÔöÇÔöÇÔöÇÔöÇÔöÇÔöÇÔöÇÔöÇÔöÇÔöÇÔöÇÔöÇÔöÇÔöÇÔöÇÔöÇÔöÇÔöÇÔöÇÔöÇÔöÇÔöÇÔöÇÔöÇÔöÇÔöÇÔöÇÔöÇÔöÇ  
   FAILED  Tests\Feature\ClienteFlujosTÔÇª  InvalidArgumentException   
  Unknown format "dateOfBirth"

  at vendor\fakerphp\faker\src\Faker\Generator.php:743
    739Ôûò                 return $this->formatters[$format];
    740Ôûò             }
    741Ôûò         }
    742Ôûò 
  Ô×£ 743Ôûò         throw new \InvalidArgumentException(sprintf('Unknown format "%s"', $format));
    744Ôûò     }
    745Ôûò 
    746Ôûò     /**
    747Ôûò      * Replaces tokens ('{{ tokenName }}') with the result from the token method call

  1   vendor\fakerphp\faker\src\Faker\Generator.php:743
  2   vendor\fakerphp\faker\src\Faker\Generator.php:708

  ÔöÇÔöÇÔöÇÔöÇÔöÇÔöÇÔöÇÔöÇÔöÇÔöÇÔöÇÔöÇÔöÇÔöÇÔöÇÔöÇÔöÇÔöÇÔöÇÔöÇÔöÇÔöÇÔöÇÔöÇÔöÇÔöÇÔöÇÔöÇÔöÇÔöÇÔöÇÔöÇÔöÇÔöÇÔöÇÔöÇÔöÇÔöÇÔöÇÔöÇÔöÇÔöÇÔöÇÔöÇÔöÇÔöÇÔöÇÔöÇÔöÇÔöÇÔöÇÔöÇÔöÇÔöÇÔöÇÔöÇÔöÇÔöÇÔöÇÔöÇÔöÇÔöÇÔöÇÔöÇÔöÇ  
   FAILED  Tests\Feature\ClienteFlujosTest > validacion rut invalÔÇª   
  Session is missing expected key [errors].
Failed asserting that false is true.

  at tests\Feature\ClienteFlujosTest.php:389
    385Ôûò 
    386Ôûò         $response = $this->post(route('admin.clientes.store'), $datosCliente);
    387Ôûò 
    388Ôûò         // Ô£à Deber├¡a fallar la validaci├│n
  Ô×£ 389Ôûò         $response->assertSessionHasErrors('run_pasaporte');
    390Ôûò     }
    391Ôûò 
    392Ôûò     /**
    393Ôûò      * Test: Flujo 2 - Validaci├│n Membres├¡a requerida

  ÔöÇÔöÇÔöÇÔöÇÔöÇÔöÇÔöÇÔöÇÔöÇÔöÇÔöÇÔöÇÔöÇÔöÇÔöÇÔöÇÔöÇÔöÇÔöÇÔöÇÔöÇÔöÇÔöÇÔöÇÔöÇÔöÇÔöÇÔöÇÔöÇÔöÇÔöÇÔöÇÔöÇÔöÇÔöÇÔöÇÔöÇÔöÇÔöÇÔöÇÔöÇÔöÇÔöÇÔöÇÔöÇÔöÇÔöÇÔöÇÔöÇÔöÇÔöÇÔöÇÔöÇÔöÇÔöÇÔöÇÔöÇÔöÇÔöÇÔöÇÔöÇÔöÇÔöÇÔöÇÔöÇ  
   FAILED  Tests\Feature\ClienteFlujosTest > validacion membresiaÔÇª   
  Session is missing expected key [errors].
Failed asserting that false is true.

  at tests\Feature\ClienteFlujosTest.php:415
    411Ôûò 
    412Ôûò         $response = $this->post(route('admin.clientes.store'), $datosCliente);
    413Ôûò 
    414Ôûò         // Ô£à Deber├¡a fallar la validaci├│n
  Ô×£ 415Ôûò         $response->assertSessionHasErrors('id_membresia');
    416Ôûò         
    417Ôûò         // Ô£à El cliente NO deber├¡a haber sido creado
    418Ôûò         $this->assertDatabaseMissing('clientes', [
    419Ôûò             'email' => 'juan@example.com',

  ÔöÇÔöÇÔöÇÔöÇÔöÇÔöÇÔöÇÔöÇÔöÇÔöÇÔöÇÔöÇÔöÇÔöÇÔöÇÔöÇÔöÇÔöÇÔöÇÔöÇÔöÇÔöÇÔöÇÔöÇÔöÇÔöÇÔöÇÔöÇÔöÇÔöÇÔöÇÔöÇÔöÇÔöÇÔöÇÔöÇÔöÇÔöÇÔöÇÔöÇÔöÇÔöÇÔöÇÔöÇÔöÇÔöÇÔöÇÔöÇÔöÇÔöÇÔöÇÔöÇÔöÇÔöÇÔöÇÔöÇÔöÇÔöÇÔöÇÔöÇÔöÇÔöÇÔöÇÔöÇÔöÇ  
   FAILED  Tests\Feature\ClienteFlujosTest > validacion pago requÔÇª   
  Session is missing expected key [errors].
Failed asserting that false is true.

  at tests\Feature\ClienteFlujosTest.php:450
    446Ôûò 
    447Ôûò         $response = $this->post(route('admin.clientes.store'), $datosCliente);
    448Ôûò 
    449Ôûò         // Deberia fallar la validacion
  Ô×£ 450Ôûò         $response->assertSessionHasErrors('monto_abonado');
    451Ôûò     }
    452Ôûò }
    453Ôûò


  Tests:    10 failed (9 assertions)
  Duration: 0.66s

